// Vitest Snapshot v1, https://vitest.dev/guide/snapshot.html

exports[`IdentitiesTable > matches snapshot 1`] = `
<div>
  <div>
    <div
      class="space-y-4"
    >
      <div
        class="flex items-center justify-between gap-4"
      >
        <div
          class="relative flex-1 max-w-sm"
        >
          <svg
            aria-hidden="true"
            class="lucide lucide-search absolute left-2 top-1/2 h-4 w-4 -translate-y-1/2 text-muted-foreground"
            fill="none"
            height="24"
            stroke="currentColor"
            stroke-linecap="round"
            stroke-linejoin="round"
            stroke-width="2"
            viewBox="0 0 24 24"
            width="24"
            xmlns="http://www.w3.org/2000/svg"
          >
            <path
              d="m21 21-4.34-4.34"
            />
            <circle
              cx="11"
              cy="11"
              r="8"
            />
          </svg>
          <input
            class="flex h-9 w-full rounded-md border border-input bg-transparent px-3 py-1 text-base shadow-sm transition-colors file:border-0 file:bg-transparent file:text-sm file:font-medium file:text-foreground placeholder:text-muted-foreground focus-visible:outline-none focus-visible:ring-1 focus-visible:ring-ring disabled:cursor-not-allowed disabled:opacity-50 md:text-sm pl-8"
            placeholder="Search identities (ID, identifier, schema, name)..."
            value=""
          />
        </div>
        <div
          class="flex items-center gap-2"
        >
          <button
            class="inline-flex items-center justify-center gap-2 whitespace-nowrap font-medium transition-colors focus-visible:outline-none focus-visible:ring-1 focus-visible:ring-ring disabled:pointer-events-none disabled:opacity-50 [&_svg]:pointer-events-none [&_svg]:size-4 [&_svg]:shrink-0 border border-input bg-background shadow-sm hover:bg-accent hover:text-accent-foreground h-8 rounded-md px-3 text-xs"
          >
            <svg
              aria-hidden="true"
              class="lucide lucide-refresh-cw h-4 w-4"
              fill="none"
              height="24"
              stroke="currentColor"
              stroke-linecap="round"
              stroke-linejoin="round"
              stroke-width="2"
              viewBox="0 0 24 24"
              width="24"
              xmlns="http://www.w3.org/2000/svg"
            >
              <path
                d="M3 12a9 9 0 0 1 9-9 9.75 9.75 0 0 1 6.74 2.74L21 8"
              />
              <path
                d="M21 3v5h-5"
              />
              <path
                d="M21 12a9 9 0 0 1-9 9 9.75 9.75 0 0 1-6.74-2.74L3 16"
              />
              <path
                d="M8 16H3v5"
              />
            </svg>
          </button>
          <button
            class="inline-flex items-center justify-center gap-2 whitespace-nowrap font-medium transition-colors focus-visible:outline-none focus-visible:ring-1 focus-visible:ring-ring disabled:pointer-events-none disabled:opacity-50 [&_svg]:pointer-events-none [&_svg]:size-4 [&_svg]:shrink-0 bg-primary text-primary-foreground shadow hover:bg-primary/90 h-8 rounded-md px-3 text-xs"
          >
            <svg
              aria-hidden="true"
              class="lucide lucide-plus mr-1 h-4 w-4"
              fill="none"
              height="24"
              stroke="currentColor"
              stroke-linecap="round"
              stroke-linejoin="round"
              stroke-width="2"
              viewBox="0 0 24 24"
              width="24"
              xmlns="http://www.w3.org/2000/svg"
            >
              <path
                d="M5 12h14"
              />
              <path
                d="M12 5v14"
              />
            </svg>
             
            Create New
          </button>
        </div>
      </div>
      <div
        class="rounded-md border"
      >
        <div
          class="relative w-full overflow-auto"
        >
          <table
            class="w-full caption-bottom text-sm"
          >
            <thead
              class="[&_tr]:border-b"
            >
              <tr
                class="border-b transition-colors hover:bg-muted/50 data-[state=selected]:bg-muted"
              >
                <th
                  class="h-10 px-2 text-left align-middle font-medium text-muted-foreground [&:has([role=checkbox])]:pr-0 [&>[role=checkbox]]:translate-y-[2px]"
                  style="min-width: 20px; max-width: 9007199254740991px;"
                >
                  <button
                    aria-checked="false"
                    aria-label="Select all"
                    class="grid place-content-center peer h-4 w-4 shrink-0 rounded-sm border border-primary shadow focus-visible:outline-none focus-visible:ring-1 focus-visible:ring-ring disabled:cursor-not-allowed disabled:opacity-50 data-[state=checked]:bg-primary data-[state=checked]:text-primary-foreground"
                    data-state="unchecked"
                    role="checkbox"
                    type="button"
                    value="on"
                  />
                </th>
                <th
                  class="h-10 px-2 text-left align-middle font-medium text-muted-foreground [&:has([role=checkbox])]:pr-0 [&>[role=checkbox]]:translate-y-[2px]"
                  style="min-width: 180px; max-width: 200px;"
                >
                  ID
                </th>
                <th
                  class="h-10 px-2 text-left align-middle font-medium text-muted-foreground [&:has([role=checkbox])]:pr-0 [&>[role=checkbox]]:translate-y-[2px]"
                  style="min-width: 220px; max-width: 9007199254740991px;"
                >
                  Identifier
                </th>
                <th
                  class="h-10 px-2 text-left align-middle font-medium text-muted-foreground [&:has([role=checkbox])]:pr-0 [&>[role=checkbox]]:translate-y-[2px]"
                  style="min-width: 140px; max-width: 9007199254740991px;"
                >
                  Schema
                </th>
                <th
                  class="h-10 px-2 text-left align-middle font-medium text-muted-foreground [&:has([role=checkbox])]:pr-0 [&>[role=checkbox]]:translate-y-[2px]"
                  style="min-width: 100px; max-width: 9007199254740991px;"
                >
                  State
                </th>
                <th
                  class="h-10 px-2 text-left align-middle font-medium text-muted-foreground [&:has([role=checkbox])]:pr-0 [&>[role=checkbox]]:translate-y-[2px]"
                  style="min-width: 180px; max-width: 9007199254740991px;"
                >
                  Created
                </th>
                <th
                  class="h-10 px-2 text-left align-middle font-medium text-muted-foreground [&:has([role=checkbox])]:pr-0 [&>[role=checkbox]]:translate-y-[2px]"
                  style="min-width: 180px; max-width: 9007199254740991px;"
                >
                  Updated
                </th>
              </tr>
            </thead>
            <tbody
              class="[&_tr:last-child]:border-0"
            >
              <tr
                class="border-b transition-colors hover:bg-muted/50 data-[state=selected]:bg-muted"
              >
                <td
                  class="p-2 align-middle [&:has([role=checkbox])]:pr-0 [&>[role=checkbox]]:translate-y-[2px] h-24 text-center text-muted-foreground"
                  colspan="7"
                >
                  No identities found
                </td>
              </tr>
            </tbody>
          </table>
        </div>
      </div>
    </div>
    <div>
      <p>
        Showing 0 identities
      </p>
    </div>
  </div>
</div>
`;
