// Vitest Snapshot v1, https://vitest.dev/guide/snapshot.html

exports[`LockedAccountsTable > matches snapshot (empty) 1`] = `
<div>
  <div
    class="space-y-4"
  >
    <div
      class="rounded-md border"
    >
      <div
        class="relative w-full overflow-auto"
      >
        <table
          class="w-full caption-bottom text-sm"
        >
          <thead
            class="[&_tr]:border-b"
          >
            <tr
              class="border-b transition-colors hover:bg-muted/50 data-[state=selected]:bg-muted"
            >
              <th
                class="h-10 px-2 text-left align-middle font-medium text-muted-foreground [&:has([role=checkbox])]:pr-0 [&>[role=checkbox]]:translate-y-[2px]"
                style="min-width: 220px; max-width: 9007199254740991px;"
              >
                Identifier
              </th>
              <th
                class="h-10 px-2 text-left align-middle font-medium text-muted-foreground [&:has([role=checkbox])]:pr-0 [&>[role=checkbox]]:translate-y-[2px]"
                style="min-width: 140px; max-width: 9007199254740991px;"
              >
                Reason
              </th>
              <th
                class="h-10 px-2 text-left align-middle font-medium text-muted-foreground [&:has([role=checkbox])]:pr-0 [&>[role=checkbox]]:translate-y-[2px]"
                style="min-width: 140px; max-width: 9007199254740991px;"
              >
                Source IP
              </th>
              <th
                class="h-10 px-2 text-left align-middle font-medium text-muted-foreground [&:has([role=checkbox])]:pr-0 [&>[role=checkbox]]:translate-y-[2px]"
                style="min-width: 140px; max-width: 9007199254740991px;"
              >
                Failed Attempts
              </th>
              <th
                class="h-10 px-2 text-left align-middle font-medium text-muted-foreground [&:has([role=checkbox])]:pr-0 [&>[role=checkbox]]:translate-y-[2px]"
                style="min-width: 180px; max-width: 9007199254740991px;"
              >
                Locked At
              </th>
              <th
                class="h-10 px-2 text-left align-middle font-medium text-muted-foreground [&:has([role=checkbox])]:pr-0 [&>[role=checkbox]]:translate-y-[2px]"
                style="min-width: 200px; max-width: 9007199254740991px;"
              >
                Expires
              </th>
              <th
                class="h-10 px-2 text-left align-middle font-medium text-muted-foreground [&:has([role=checkbox])]:pr-0 [&>[role=checkbox]]:translate-y-[2px]"
                style="min-width: 120px; max-width: 9007199254740991px;"
              >
                Actions
              </th>
            </tr>
          </thead>
          <tbody
            class="[&_tr:last-child]:border-0"
          >
            <tr
              class="border-b transition-colors hover:bg-muted/50 data-[state=selected]:bg-muted"
            >
              <td
                class="p-2 align-middle [&:has([role=checkbox])]:pr-0 [&>[role=checkbox]]:translate-y-[2px] h-24 text-center text-muted-foreground"
                colspan="7"
              >
                No locked accounts — all identities are currently accessible.
              </td>
            </tr>
          </tbody>
        </table>
      </div>
    </div>
  </div>
</div>
`;
